<?xml version="1.0"?>
<link_info>
   <banner>TMS320C2000 Linker PC v15.12.3.LTS</banner>
   <copyright>Copyright (c) 1996-2015 Texas Instruments Incorporated</copyright>
   <link_time>0x5a4b94b8</link_time>
   <link_errors>0x0</link_errors>
   <output_file>E:/BuildArea/EPP_Application_ZL/Products/out_EPP_APP/EPP_APP1P6.out</output_file>
   <entry_point>
      <name>_c_int00</name>
      <address>0x3ebeec</address>
   </entry_point>
   <input_file_list>
      <input_file id="fl-3">
         <path>E:\BuildArea\EPP_Application_ZL\Products\objs_EPP_APP\</path>
         <kind>object</kind>
         <file>AppLayer_Uds.o</file>
         <name>AppLayer_Uds.o</name>
      </input_file>
      <input_file id="fl-4">
         <path>E:\BuildArea\EPP_Application_ZL\Products\objs_EPP_APP\</path>
         <kind>object</kind>
         <file>app_cald.o</file>
         <name>app_cald.o</name>
      </input_file>
      <input_file id="fl-5">
         <path>E:\BuildArea\EPP_Application_ZL\Products\objs_EPP_APP\</path>
         <kind>object</kind>
         <file>can_matrix.o</file>
         <name>can_matrix.o</name>
      </input_file>
      <input_file id="fl-6">
         <path>E:\BuildArea\EPP_Application_ZL\Products\objs_EPP_APP\</path>
         <kind>object</kind>
         <file>DSP2803x_main.o</file>
         <name>DSP2803x_main.o</name>
      </input_file>
      <input_file id="fl-7">
         <path>E:\BuildArea\EPP_Application_ZL\Products\objs_EPP_APP\</path>
         <kind>object</kind>
         <file>Epp.o</file>
         <name>Epp.o</name>
      </input_file>
      <input_file id="fl-8">
         <path>E:\BuildArea\EPP_Application_ZL\Products\objs_EPP_APP\</path>
         <kind>object</kind>
         <file>EppStateFcn.o</file>
         <name>EppStateFcn.o</name>
      </input_file>
      <input_file id="fl-9">
         <path>E:\BuildArea\EPP_Application_ZL\Products\objs_EPP_APP\</path>
         <kind>object</kind>
         <file>EPP_BOOT.o</file>
         <name>EPP_BOOT.o</name>
      </input_file>
      <input_file id="fl-a">
         <path>E:\BuildArea\EPP_Application_ZL\Products\objs_EPP_APP\</path>
         <kind>object</kind>
         <file>Fault_Diag.o</file>
         <name>Fault_Diag.o</name>
      </input_file>
      <input_file id="fl-b">
         <path>E:\BuildArea\EPP_Application_ZL\Products\objs_EPP_APP\</path>
         <kind>object</kind>
         <file>hwiocald.o</file>
         <name>hwiocald.o</name>
      </input_file>
      <input_file id="fl-c">
         <path>E:\BuildArea\EPP_Application_ZL\Products\objs_EPP_APP\</path>
         <kind>object</kind>
         <file>IGNStateFcn.o</file>
         <name>IGNStateFcn.o</name>
      </input_file>
      <input_file id="fl-d">
         <path>E:\BuildArea\EPP_Application_ZL\Products\objs_EPP_APP\</path>
         <kind>object</kind>
         <file>iomm.o</file>
         <name>iomm.o</name>
      </input_file>
      <input_file id="fl-e">
         <path>E:\BuildArea\EPP_Application_ZL\Products\objs_EPP_APP\</path>
         <kind>object</kind>
         <file>motor_cnm.o</file>
         <name>motor_cnm.o</name>
      </input_file>
      <input_file id="fl-f">
         <path>E:\BuildArea\EPP_Application_ZL\Products\objs_EPP_APP\</path>
         <kind>object</kind>
         <file>NetworkLayerServices_GF.o</file>
         <name>NetworkLayerServices_GF.o</name>
      </input_file>
      <input_file id="fl-10">
         <path>E:\BuildArea\EPP_Application_ZL\Products\objs_EPP_APP\</path>
         <kind>object</kind>
         <file>networklayer_interface.o</file>
         <name>networklayer_interface.o</name>
      </input_file>
      <input_file id="fl-11">
         <path>E:\BuildArea\EPP_Application_ZL\Products\objs_EPP_APP\</path>
         <kind>object</kind>
         <file>os_task.o</file>
         <name>os_task.o</name>
      </input_file>
      <input_file id="fl-12">
         <path>E:\BuildArea\EPP_Application_ZL\Products\objs_EPP_APP\</path>
         <kind>object</kind>
         <file>Rom_Checksum.o</file>
         <name>Rom_Checksum.o</name>
      </input_file>
      <input_file id="fl-13">
         <path>E:\BuildArea\EPP_Application_ZL\Products\objs_EPP_APP\</path>
         <kind>object</kind>
         <file>scale_cal.o</file>
         <name>scale_cal.o</name>
      </input_file>
      <input_file id="fl-1e">
         <path>E:\BuildArea\EPP_Application_ZL\Tools\C28X\lib\</path>
         <kind>archive</kind>
         <file>rts2800_ml.lib</file>
         <name>boot.obj</name>
      </input_file>
      <input_file id="fl-1f">
         <path>E:\BuildArea\EPP_Application_ZL\Tools\C28X\lib\</path>
         <kind>archive</kind>
         <file>rts2800_ml.lib</file>
         <name>exit.obj</name>
      </input_file>
      <input_file id="fl-20">
         <path>E:\BuildArea\EPP_Application_ZL\Tools\C28X\lib\</path>
         <kind>archive</kind>
         <file>rts2800_ml.lib</file>
         <name>fs_div.obj</name>
      </input_file>
      <input_file id="fl-21">
         <path>E:\BuildArea\EPP_Application_ZL\Tools\C28X\lib\</path>
         <kind>archive</kind>
         <file>rts2800_ml.lib</file>
         <name>fs_mpy.obj</name>
      </input_file>
      <input_file id="fl-22">
         <path>E:\BuildArea\EPP_Application_ZL\Tools\C28X\lib\</path>
         <kind>archive</kind>
         <file>rts2800_ml.lib</file>
         <name>fs_toi.obj</name>
      </input_file>
      <input_file id="fl-23">
         <path>E:\BuildArea\EPP_Application_ZL\Tools\C28X\lib\</path>
         <kind>archive</kind>
         <file>rts2800_ml.lib</file>
         <name>fs_tou.obj</name>
      </input_file>
      <input_file id="fl-24">
         <path>E:\BuildArea\EPP_Application_ZL\Tools\C28X\lib\</path>
         <kind>archive</kind>
         <file>rts2800_ml.lib</file>
         <name>i_tofs.obj</name>
      </input_file>
      <input_file id="fl-25">
         <path>E:\BuildArea\EPP_Application_ZL\Tools\C28X\lib\</path>
         <kind>archive</kind>
         <file>rts2800_ml.lib</file>
         <name>u_tofs.obj</name>
      </input_file>
      <input_file id="fl-26">
         <path>E:\BuildArea\EPP_Application_ZL\Tools\C28X\lib\</path>
         <kind>archive</kind>
         <file>rts2800_ml.lib</file>
         <name>_lock.obj</name>
      </input_file>
      <input_file id="fl-27">
         <path>E:\BuildArea\EPP_Application_ZL\Tools\C28X\lib\</path>
         <kind>archive</kind>
         <file>rts2800_ml.lib</file>
         <name>args_main.obj</name>
      </input_file>
      <input_file id="fl-28">
         <path>E:\BuildArea\EPP_Application_ZL\Tools\C28X\lib\</path>
         <kind>archive</kind>
         <file>hwio.lib</file>
         <name>DSP2803x_Adc.o</name>
      </input_file>
      <input_file id="fl-29">
         <path>E:\BuildArea\EPP_Application_ZL\Tools\C28X\lib\</path>
         <kind>archive</kind>
         <file>hwio.lib</file>
         <name>DSP2803x_CLA_Init.o</name>
      </input_file>
      <input_file id="fl-2a">
         <path>E:\BuildArea\EPP_Application_ZL\Tools\C28X\lib\</path>
         <kind>archive</kind>
         <file>hwio.lib</file>
         <name>DSP2803x_CpuTimers.o</name>
      </input_file>
      <input_file id="fl-2b">
         <path>E:\BuildArea\EPP_Application_ZL\Tools\C28X\lib\</path>
         <kind>archive</kind>
         <file>hwio.lib</file>
         <name>DSP2803x_ECan.o</name>
      </input_file>
      <input_file id="fl-2c">
         <path>E:\BuildArea\EPP_Application_ZL\Tools\C28X\lib\</path>
         <kind>archive</kind>
         <file>hwio.lib</file>
         <name>DSP2803x_EPwm.o</name>
      </input_file>
      <input_file id="fl-2d">
         <path>E:\BuildArea\EPP_Application_ZL\Tools\C28X\lib\</path>
         <kind>archive</kind>
         <file>hwio.lib</file>
         <name>DSP2803x_function.o</name>
      </input_file>
      <input_file id="fl-2e">
         <path>E:\BuildArea\EPP_Application_ZL\Tools\C28X\lib\</path>
         <kind>archive</kind>
         <file>hwio.lib</file>
         <name>DSP2803x_GlobalVariableDefs.o</name>
      </input_file>
      <input_file id="fl-2f">
         <path>E:\BuildArea\EPP_Application_ZL\Tools\C28X\lib\</path>
         <kind>archive</kind>
         <file>hwio.lib</file>
         <name>DSP2803x_Gpio.o</name>
      </input_file>
      <input_file id="fl-30">
         <path>E:\BuildArea\EPP_Application_ZL\Tools\C28X\lib\</path>
         <kind>archive</kind>
         <file>hwio.lib</file>
         <name>DSP2803x_PieCtrl.o</name>
      </input_file>
      <input_file id="fl-31">
         <path>E:\BuildArea\EPP_Application_ZL\Tools\C28X\lib\</path>
         <kind>archive</kind>
         <file>hwio.lib</file>
         <name>DSP2803x_PieVect.o</name>
      </input_file>
      <input_file id="fl-32">
         <path>E:\BuildArea\EPP_Application_ZL\Tools\C28X\lib\</path>
         <kind>archive</kind>
         <file>hwio.lib</file>
         <name>DSP2803x_SysCtrl.o</name>
      </input_file>
      <input_file id="fl-33">
         <path>E:\BuildArea\EPP_Application_ZL\Tools\C28X\lib\</path>
         <kind>archive</kind>
         <file>hwio.lib</file>
         <name>DSP2803x_usDelay.o</name>
      </input_file>
      <input_file id="fl-34">
         <path>E:\BuildArea\EPP_Application_ZL\Tools\C28X\lib\</path>
         <kind>archive</kind>
         <file>hwio.lib</file>
         <name>hal.o</name>
      </input_file>
      <input_file id="fl-35">
         <path>E:\BuildArea\EPP_Application_ZL\Tools\C28X\lib\</path>
         <kind>archive</kind>
         <file>hwio.lib</file>
         <name>hal_analog.o</name>
      </input_file>
      <input_file id="fl-36">
         <path>E:\BuildArea\EPP_Application_ZL\Tools\C28X\lib\</path>
         <kind>archive</kind>
         <file>hwio.lib</file>
         <name>hal_can.o</name>
      </input_file>
      <input_file id="fl-37">
         <path>E:\BuildArea\EPP_Application_ZL\Tools\C28X\lib\</path>
         <kind>archive</kind>
         <file>hwio.lib</file>
         <name>hal_discrete_io.o</name>
      </input_file>
      <input_file id="fl-38">
         <path>E:\BuildArea\EPP_Application_ZL\Tools\C28X\lib\</path>
         <kind>archive</kind>
         <file>hwio.lib</file>
         <name>hal_pulse.o</name>
      </input_file>
      <input_file id="fl-39">
         <path>E:\BuildArea\EPP_Application_ZL\Tools\C28X\lib\</path>
         <kind>archive</kind>
         <file>hwio.lib</file>
         <name>id_cald.o</name>
      </input_file>
      <input_file id="fl-3a">
         <path>E:\BuildArea\EPP_Application_ZL\Tools\C28X\lib\</path>
         <kind>archive</kind>
         <file>hwio.lib</file>
         <name>interface_analog.o</name>
      </input_file>
      <input_file id="fl-3b">
         <path>E:\BuildArea\EPP_Application_ZL\Tools\C28X\lib\</path>
         <kind>archive</kind>
         <file>hwio.lib</file>
         <name>interface_can.o</name>
      </input_file>
      <input_file id="fl-3c">
         <path>E:\BuildArea\EPP_Application_ZL\Tools\C28X\lib\</path>
         <kind>archive</kind>
         <file>hwio.lib</file>
         <name>interface_file.o</name>
      </input_file>
      <input_file id="fl-3d">
         <path>E:\BuildArea\EPP_Application_ZL\Tools\C28X\lib\</path>
         <kind>archive</kind>
         <file>hwio.lib</file>
         <name>interface_other.o</name>
      </input_file>
      <input_file id="fl-3e">
         <path>E:\BuildArea\EPP_Application_ZL\Tools\C28X\lib\</path>
         <kind>archive</kind>
         <file>hwio.lib</file>
         <name>interface_pwm.o</name>
      </input_file>
      <input_file id="fl-3f">
         <path>E:\BuildArea\EPP_Application_ZL\Tools\C28X\lib\</path>
         <kind>archive</kind>
         <file>hwio.lib</file>
         <name>os_manage.o</name>
      </input_file>
      <input_file id="fl-40">
         <path>E:\BuildArea\EPP_Application_ZL\Tools\C28X\lib\</path>
         <kind>archive</kind>
         <file>hwio.lib</file>
         <name>os_time.o</name>
      </input_file>
      <input_file id="fl-41">
         <path>E:\BuildArea\EPP_Application_ZL\Tools\C28X\lib\</path>
         <kind>archive</kind>
         <file>hwio.lib</file>
         <name>DSP2803x_CLA.o</name>
      </input_file>
      <input_file id="fl-42">
         <path>E:\BuildArea\EPP_Application_ZL\Tools\C28X\lib\</path>
         <kind>archive</kind>
         <file>hwio.lib</file>
         <name>DSP2803x_CLAShared.o</name>
      </input_file>
      <input_file id="fl-43">
         <path>E:\BuildArea\EPP_Application_ZL\Tools\C28X\lib\</path>
         <kind>archive</kind>
         <file>hwio.lib</file>
         <name>DSP2803x_DefaultIsr.o</name>
      </input_file>
      <input_file id="fl-44">
         <path>E:\BuildArea\EPP_Application_ZL\Tools\C28X\lib\</path>
         <kind>archive</kind>
         <file>hwio.lib</file>
         <name>DSP2803x_isr.o</name>
      </input_file>
      <input_file id="fl-45">
         <path>E:\BuildArea\EPP_Application_ZL\Tools\C28X\lib\</path>
         <kind>archive</kind>
         <file>hwio.lib</file>
         <name>Flash2803x_API.o</name>
      </input_file>
      <input_file id="fl-46">
         <path>E:\BuildArea\EPP_Application_ZL\Tools\C28X\lib\</path>
         <kind>archive</kind>
         <file>hwio.lib</file>
         <name>interface_gpio.o</name>
      </input_file>
      <input_file id="fl-47">
         <path>E:\BuildArea\EPP_Application_ZL\Tools\C28X\lib\</path>
         <kind>archive</kind>
         <file>hwio.lib</file>
         <name>os_config.o</name>
      </input_file>
      <input_file id="fl-48">
         <path>E:\BuildArea\EPP_Application_ZL\Tools\C28X\lib\</path>
         <kind>archive</kind>
         <file>hwio.lib</file>
         <name>os_throughput.o</name>
      </input_file>
      <input_file id="fl-4e">
         <path>E:\BuildArea\EPP_Application_ZL\Tools\C28X\lib\</path>
         <kind>archive</kind>
         <file>rts2800_ml.lib</file>
         <name>fs_tol.obj</name>
      </input_file>
      <input_file id="fl-4f">
         <path>E:\BuildArea\EPP_Application_ZL\Tools\C28X\lib\</path>
         <kind>archive</kind>
         <file>2803x_FlashAPI_BootROMSymbols.lib</file>
         <name>__Release_TMS320x2803x_boot_rom_out__Flash2803x_Erase_tmp.obj</name>
      </input_file>
      <input_file id="fl-50">
         <path>E:\BuildArea\EPP_Application_ZL\Tools\C28X\lib\</path>
         <kind>archive</kind>
         <file>2803x_FlashAPI_BootROMSymbols.lib</file>
         <name>__Release_TMS320x2803x_boot_rom_out__Flash2803x_Program_tmp.obj</name>
      </input_file>
      <input_file id="fl-51">
         <path>E:\BuildArea\EPP_Application_ZL\Tools\C28X\lib\</path>
         <kind>archive</kind>
         <file>2803x_FlashAPI_BootROMSymbols.lib</file>
         <name>__Release_TMS320x2803x_boot_rom_out__Flash2803x_Verify_tmp.obj</name>
      </input_file>
      <input_file id="fl-52">
         <path>E:\BuildArea\EPP_Application_ZL\Tools\C28X\lib\</path>
         <kind>archive</kind>
         <file>instrument.lib</file>
         <name>instmain.o</name>
      </input_file>
      <input_file id="fl-53">
         <path>E:\BuildArea\EPP_Application_ZL\Tools\C28X\lib\</path>
         <kind>archive</kind>
         <file>instrument.lib</file>
         <name>instmem.o</name>
      </input_file>
      <input_file id="fl-54">
         <path>E:\BuildArea\EPP_Application_ZL\Tools\C28X\lib\</path>
         <kind>archive</kind>
         <file>instrument.lib</file>
         <name>instmode.o</name>
      </input_file>
      <input_file id="fl-55">
         <path>E:\BuildArea\EPP_Application_ZL\Tools\C28X\lib\</path>
         <kind>archive</kind>
         <file>instrument.lib</file>
         <name>instdaq.o</name>
      </input_file>
   </input_file_list>
   <object_component_list>
      <object_component id="oc-139">
         <name>PieVectTableFile</name>
         <uninitialized>true</uninitialized>
         <run_address>0xd00</run_address>
         <size>0x100</size>
         <input_file_ref idref="fl-2e"/>
      </object_component>
      <object_component id="oc-10c">
         <name>EmuKeyVar</name>
         <uninitialized>true</uninitialized>
         <run_address>0xd00</run_address>
         <size>0x1</size>
         <input_file_ref idref="fl-2e"/>
      </object_component>
      <object_component id="oc-10b">
         <name>EmuBModeVar</name>
         <uninitialized>true</uninitialized>
         <run_address>0xd01</run_address>
         <size>0x1</size>
         <input_file_ref idref="fl-2e"/>
      </object_component>
      <object_component id="oc-10e">
         <name>FlashCallbackVar</name>
         <uninitialized>true</uninitialized>
         <run_address>0xd02</run_address>
         <size>0x2</size>
         <input_file_ref idref="fl-2e"/>
      </object_component>
      <object_component id="oc-10f">
         <name>FlashScalingVar</name>
         <uninitialized>true</uninitialized>
         <run_address>0xd04</run_address>
         <size>0x2</size>
         <input_file_ref idref="fl-2e"/>
      </object_component>
      <object_component id="oc-111">
         <name>DevEmuRegsFile</name>
         <uninitialized>true</uninitialized>
         <run_address>0x880</run_address>
         <size>0x4</size>
         <input_file_ref idref="fl-2e"/>
      </object_component>
      <object_component id="oc-110">
         <name>SysPwrCtrlRegsFile</name>
         <uninitialized>true</uninitialized>
         <run_address>0x985</run_address>
         <size>0x3</size>
         <input_file_ref idref="fl-2e"/>
      </object_component>
      <object_component id="oc-112">
         <name>FlashRegsFile</name>
         <uninitialized>true</uninitialized>
         <run_address>0xa80</run_address>
         <size>0x8</size>
         <input_file_ref idref="fl-2e"/>
      </object_component>
      <object_component id="oc-11d">
         <name>CsmRegsFile</name>
         <uninitialized>true</uninitialized>
         <run_address>0xae0</run_address>
         <size>0x10</size>
         <input_file_ref idref="fl-2e"/>
      </object_component>
      <object_component id="oc-127">
         <name>AdcResultFile</name>
         <uninitialized>true</uninitialized>
         <run_address>0xb00</run_address>
         <size>0x20</size>
         <input_file_ref idref="fl-2e"/>
      </object_component>
      <object_component id="oc-115">
         <name>CpuTimer0RegsFile</name>
         <uninitialized>true</uninitialized>
         <run_address>0xc00</run_address>
         <size>0x8</size>
         <input_file_ref idref="fl-2e"/>
      </object_component>
      <object_component id="oc-114">
         <name>CpuTimer1RegsFile</name>
         <uninitialized>true</uninitialized>
         <run_address>0xc08</run_address>
         <size>0x8</size>
         <input_file_ref idref="fl-2e"/>
      </object_component>
      <object_component id="oc-116">
         <name>CpuTimer2RegsFile</name>
         <uninitialized>true</uninitialized>
         <run_address>0xc10</run_address>
         <size>0x8</size>
         <input_file_ref idref="fl-2e"/>
      </object_component>
      <object_component id="oc-121">
         <name>PieCtrlRegsFile</name>
         <uninitialized>true</uninitialized>
         <run_address>0xce0</run_address>
         <size>0x1a</size>
         <input_file_ref idref="fl-2e"/>
      </object_component>
      <object_component id="oc-12b">
         <name>Cla1RegsFile</name>
         <uninitialized>true</uninitialized>
         <run_address>0x1400</run_address>
         <size>0x40</size>
         <input_file_ref idref="fl-2e"/>
      </object_component>
      <object_component id="oc-129">
         <name>ECanaRegsFile</name>
         <uninitialized>true</uninitialized>
         <run_address>0x6000</run_address>
         <size>0x34</size>
         <input_file_ref idref="fl-2e"/>
      </object_component>
      <object_component id="oc-12e">
         <name>ECanaLAMRegsFile</name>
         <uninitialized>true</uninitialized>
         <run_address>0x6040</run_address>
         <size>0x40</size>
         <input_file_ref idref="fl-2e"/>
      </object_component>
      <object_component id="oc-13a">
         <name>ECanaMboxesFile</name>
         <uninitialized>true</uninitialized>
         <run_address>0x6100</run_address>
         <size>0x100</size>
         <input_file_ref idref="fl-2e"/>
      </object_component>
      <object_component id="oc-12d">
         <name>ECanaMOTSRegsFile</name>
         <uninitialized>true</uninitialized>
         <run_address>0x6080</run_address>
         <size>0x40</size>
         <input_file_ref idref="fl-2e"/>
      </object_component>
      <object_component id="oc-136">
         <name>ECanaMOTORegsFile</name>
         <uninitialized>true</uninitialized>
         <run_address>0x60c0</run_address>
         <size>0x40</size>
         <input_file_ref idref="fl-2e"/>
      </object_component>
      <object_component id="oc-126">
         <name>ECap1RegsFile</name>
         <uninitialized>true</uninitialized>
         <run_address>0x6a00</run_address>
         <size>0x20</size>
         <input_file_ref idref="fl-2e"/>
      </object_component>
      <object_component id="oc-125">
         <name>HRCap1RegsFile</name>
         <uninitialized>true</uninitialized>
         <run_address>0x6ac0</run_address>
         <size>0x20</size>
         <input_file_ref idref="fl-2e"/>
      </object_component>
      <object_component id="oc-124">
         <name>HRCap2RegsFile</name>
         <uninitialized>true</uninitialized>
         <run_address>0x6ae0</run_address>
         <size>0x20</size>
         <input_file_ref idref="fl-2e"/>
      </object_component>
      <object_component id="oc-133">
         <name>EQep1RegsFile</name>
         <uninitialized>true</uninitialized>
         <run_address>0x6b00</run_address>
         <size>0x40</size>
         <input_file_ref idref="fl-2e"/>
      </object_component>
      <object_component id="oc-137">
         <name>LinaRegsFile</name>
         <uninitialized>true</uninitialized>
         <run_address>0x6c00</run_address>
         <size>0x4a</size>
         <input_file_ref idref="fl-2e"/>
      </object_component>
      <object_component id="oc-132">
         <name>GpioCtrlRegsFile</name>
         <uninitialized>true</uninitialized>
         <run_address>0x6f80</run_address>
         <size>0x40</size>
         <input_file_ref idref="fl-2e"/>
      </object_component>
      <object_component id="oc-123">
         <name>GpioDataRegsFile</name>
         <uninitialized>true</uninitialized>
         <run_address>0x6fc0</run_address>
         <size>0x20</size>
         <input_file_ref idref="fl-2e"/>
      </object_component>
      <object_component id="oc-117">
         <name>GpioIntRegsFile</name>
         <uninitialized>true</uninitialized>
         <run_address>0x6fe0</run_address>
         <size>0xc</size>
         <input_file_ref idref="fl-2e"/>
      </object_component>
      <object_component id="oc-122">
         <name>SysCtrlRegsFile</name>
         <uninitialized>true</uninitialized>
         <run_address>0x7010</run_address>
         <size>0x20</size>
         <input_file_ref idref="fl-2e"/>
      </object_component>
      <object_component id="oc-118">
         <name>SpiaRegsFile</name>
         <uninitialized>true</uninitialized>
         <run_address>0x7040</run_address>
         <size>0x10</size>
         <input_file_ref idref="fl-2e"/>
      </object_component>
      <object_component id="oc-119">
         <name>SpibRegsFile</name>
         <uninitialized>true</uninitialized>
         <run_address>0x7740</run_address>
         <size>0x10</size>
         <input_file_ref idref="fl-2e"/>
      </object_component>
      <object_component id="oc-11b">
         <name>SciaRegsFile</name>
         <uninitialized>true</uninitialized>
         <run_address>0x7050</run_address>
         <size>0x10</size>
         <input_file_ref idref="fl-2e"/>
      </object_component>
      <object_component id="oc-11a">
         <name>NmiIntruptRegsFile</name>
         <uninitialized>true</uninitialized>
         <run_address>0x7060</run_address>
         <size>0x10</size>
         <input_file_ref idref="fl-2e"/>
      </object_component>
      <object_component id="oc-11c">
         <name>XIntruptRegsFile</name>
         <uninitialized>true</uninitialized>
         <run_address>0x7070</run_address>
         <size>0x10</size>
         <input_file_ref idref="fl-2e"/>
      </object_component>
      <object_component id="oc-138">
         <name>AdcRegsFile</name>
         <uninitialized>true</uninitialized>
         <run_address>0x7100</run_address>
         <size>0x50</size>
         <input_file_ref idref="fl-2e"/>
      </object_component>
      <object_component id="oc-128">
         <name>I2caRegsFile</name>
         <uninitialized>true</uninitialized>
         <run_address>0x7900</run_address>
         <size>0x22</size>
         <input_file_ref idref="fl-2e"/>
      </object_component>
      <object_component id="oc-11e">
         <name>Comp1RegsFile</name>
         <uninitialized>true</uninitialized>
         <run_address>0x6400</run_address>
         <size>0x14</size>
         <input_file_ref idref="fl-2e"/>
      </object_component>
      <object_component id="oc-11f">
         <name>Comp2RegsFile</name>
         <uninitialized>true</uninitialized>
         <run_address>0x6420</run_address>
         <size>0x14</size>
         <input_file_ref idref="fl-2e"/>
      </object_component>
      <object_component id="oc-120">
         <name>Comp3RegsFile</name>
         <uninitialized>true</uninitialized>
         <run_address>0x6440</run_address>
         <size>0x14</size>
         <input_file_ref idref="fl-2e"/>
      </object_component>
      <object_component id="oc-12a">
         <name>EPwm1RegsFile</name>
         <uninitialized>true</uninitialized>
         <run_address>0x6800</run_address>
         <size>0x40</size>
         <input_file_ref idref="fl-2e"/>
      </object_component>
      <object_component id="oc-12c">
         <name>EPwm2RegsFile</name>
         <uninitialized>true</uninitialized>
         <run_address>0x6840</run_address>
         <size>0x40</size>
         <input_file_ref idref="fl-2e"/>
      </object_component>
      <object_component id="oc-12f">
         <name>EPwm3RegsFile</name>
         <uninitialized>true</uninitialized>
         <run_address>0x6880</run_address>
         <size>0x40</size>
         <input_file_ref idref="fl-2e"/>
      </object_component>
      <object_component id="oc-134">
         <name>EPwm4RegsFile</name>
         <uninitialized>true</uninitialized>
         <run_address>0x68c0</run_address>
         <size>0x40</size>
         <input_file_ref idref="fl-2e"/>
      </object_component>
      <object_component id="oc-135">
         <name>EPwm5RegsFile</name>
         <uninitialized>true</uninitialized>
         <run_address>0x6900</run_address>
         <size>0x40</size>
         <input_file_ref idref="fl-2e"/>
      </object_component>
      <object_component id="oc-131">
         <name>EPwm6RegsFile</name>
         <uninitialized>true</uninitialized>
         <run_address>0x6940</run_address>
         <size>0x40</size>
         <input_file_ref idref="fl-2e"/>
      </object_component>
      <object_component id="oc-130">
         <name>EPwm7RegsFile</name>
         <uninitialized>true</uninitialized>
         <run_address>0x6980</run_address>
         <size>0x40</size>
         <input_file_ref idref="fl-2e"/>
      </object_component>
      <object_component id="oc-113">
         <name>CsmPwlFile</name>
         <uninitialized>true</uninitialized>
         <run_address>0x3f7ff8</run_address>
         <size>0x8</size>
         <input_file_ref idref="fl-2e"/>
      </object_component>
      <object_component id="oc-10d">
         <name>PartIdRegsFile</name>
         <uninitialized>true</uninitialized>
         <run_address>0x3d7e80</run_address>
         <size>0x1</size>
         <input_file_ref idref="fl-2e"/>
      </object_component>
      <object_component id="oc-1bb">
         <name>ramfuncs:retain</name>
         <load_address>0x3e8100</load_address>
         <run_address>0x258</run_address>
         <size>0x36</size>
         <input_file_ref idref="fl-44"/>
      </object_component>
      <object_component id="oc-21d">
         <name>ramfuncs</name>
         <load_address>0x3e8136</load_address>
         <run_address>0x28e</run_address>
         <size>0x30</size>
         <input_file_ref idref="fl-45"/>
      </object_component>
      <object_component id="oc-be">
         <name>.stack</name>
         <uninitialized>true</uninitialized>
         <run_address>0x50</run_address>
         <size>0x0</size>
         <input_file_ref idref="fl-1e"/>
      </object_component>
      <object_component id="oc-28f">
         <name>.stack</name>
         <uninitialized>true</uninitialized>
         <run_address>0x50</run_address>
         <size>0x0</size>
      </object_component>
      <object_component id="oc-a5">
         <name>.ebss</name>
         <uninitialized>true</uninitialized>
         <run_address>0x400</run_address>
         <size>0x278</size>
         <input_file_ref idref="fl-f"/>
      </object_component>
      <object_component id="oc-1ee">
         <name>.ebss</name>
         <uninitialized>true</uninitialized>
         <run_address>0x678</run_address>
         <size>0x6</size>
         <input_file_ref idref="fl-53"/>
      </object_component>
      <object_component id="oc-186">
         <name>.ebss</name>
         <uninitialized>true</uninitialized>
         <run_address>0x67e</run_address>
         <size>0x2</size>
         <input_file_ref idref="fl-3d"/>
      </object_component>
      <object_component id="oc-68">
         <name>.ebss</name>
         <uninitialized>true</uninitialized>
         <run_address>0x680</run_address>
         <size>0x178</size>
         <input_file_ref idref="fl-3"/>
      </object_component>
      <object_component id="oc-1f5">
         <name>.ebss</name>
         <uninitialized>true</uninitialized>
         <run_address>0x7f8</run_address>
         <size>0x5</size>
         <input_file_ref idref="fl-54"/>
      </object_component>
      <object_component id="oc-1ce">
         <name>.ebss</name>
         <uninitialized>true</uninitialized>
         <run_address>0x7fd</run_address>
         <size>0x3</size>
         <input_file_ref idref="fl-47"/>
      </object_component>
      <object_component id="oc-73">
         <name>.ebss</name>
         <uninitialized>true</uninitialized>
         <run_address>0x8000</run_address>
         <size>0x29</size>
         <input_file_ref idref="fl-5"/>
      </object_component>
      <object_component id="oc-8d">
         <name>.ebss</name>
         <uninitialized>true</uninitialized>
         <run_address>0x8029</run_address>
         <size>0x1</size>
         <input_file_ref idref="fl-a"/>
      </object_component>
      <object_component id="oc-1e7">
         <name>.ebss</name>
         <uninitialized>true</uninitialized>
         <run_address>0x802a</run_address>
         <size>0xc</size>
         <input_file_ref idref="fl-52"/>
      </object_component>
      <object_component id="oc-ac">
         <name>.ebss</name>
         <uninitialized>true</uninitialized>
         <run_address>0x8036</run_address>
         <size>0xa</size>
         <input_file_ref idref="fl-10"/>
      </object_component>
      <object_component id="oc-1d4">
         <name>.ebss</name>
         <uninitialized>true</uninitialized>
         <run_address>0x8040</run_address>
         <size>0x1a</size>
         <input_file_ref idref="fl-48"/>
      </object_component>
      <object_component id="oc-f6">
         <name>.ebss</name>
         <uninitialized>true</uninitialized>
         <run_address>0x805a</run_address>
         <size>0x18</size>
         <input_file_ref idref="fl-2a"/>
      </object_component>
      <object_component id="oc-9e">
         <name>.ebss</name>
         <uninitialized>true</uninitialized>
         <run_address>0x8072</run_address>
         <size>0xc</size>
         <input_file_ref idref="fl-e"/>
      </object_component>
      <object_component id="oc-178">
         <name>.ebss</name>
         <uninitialized>true</uninitialized>
         <run_address>0x807e</run_address>
         <size>0x1</size>
         <input_file_ref idref="fl-3b"/>
      </object_component>
      <object_component id="oc-17f">
         <name>.ebss</name>
         <uninitialized>true</uninitialized>
         <run_address>0x807f</run_address>
         <size>0x1</size>
         <input_file_ref idref="fl-3c"/>
      </object_component>
      <object_component id="oc-1fb">
         <name>.ebss</name>
         <uninitialized>true</uninitialized>
         <run_address>0x8080</run_address>
         <size>0x18</size>
         <input_file_ref idref="fl-55"/>
      </object_component>
      <object_component id="oc-7e">
         <name>.ebss</name>
         <uninitialized>true</uninitialized>
         <run_address>0x8098</run_address>
         <size>0x9</size>
         <input_file_ref idref="fl-7"/>
      </object_component>
      <object_component id="oc-18d">
         <name>.ebss</name>
         <uninitialized>true</uninitialized>
         <run_address>0x80a1</run_address>
         <size>0x1</size>
         <input_file_ref idref="fl-3e"/>
      </object_component>
      <object_component id="oc-b7">
         <name>.ebss</name>
         <uninitialized>true</uninitialized>
         <run_address>0x80a2</run_address>
         <size>0x4</size>
         <input_file_ref idref="fl-12"/>
      </object_component>
      <object_component id="oc-1c2">
         <name>.ebss</name>
         <uninitialized>true</uninitialized>
         <run_address>0x80a6</run_address>
         <size>0x4</size>
         <input_file_ref idref="fl-45"/>
      </object_component>
      <object_component id="oc-98">
         <name>.ebss</name>
         <uninitialized>true</uninitialized>
         <run_address>0x80aa</run_address>
         <size>0x4</size>
         <input_file_ref idref="fl-d"/>
      </object_component>
      <object_component id="oc-e4">
         <name>.ebss</name>
         <uninitialized>true</uninitialized>
         <run_address>0x80ae</run_address>
         <size>0x4</size>
         <input_file_ref idref="fl-26"/>
      </object_component>
      <object_component id="oc-c6">
         <name>.ebss</name>
         <uninitialized>true</uninitialized>
         <run_address>0x80b2</run_address>
         <size>0x4</size>
         <input_file_ref idref="fl-1f"/>
      </object_component>
      <object_component id="oc-198">
         <name>.ebss</name>
         <uninitialized>true</uninitialized>
         <run_address>0x80b6</run_address>
         <size>0x1</size>
         <input_file_ref idref="fl-40"/>
      </object_component>
      <object_component id="oc-21c">
         <name>.econst:_PieVectTableInit</name>
         <load_address>0x3e8800</load_address>
         <run_address>0x3e8800</run_address>
         <size>0x100</size>
         <input_file_ref idref="fl-31"/>
      </object_component>
      <object_component id="oc-21a">
         <name>.econst:_CAN_Receive_Table</name>
         <load_address>0x3e8900</load_address>
         <run_address>0x3e8900</run_address>
         <size>0x28</size>
         <input_file_ref idref="fl-3b"/>
      </object_component>
      <object_component id="oc-21b">
         <name>.econst:_CAN_Transmit_Table</name>
         <load_address>0x3e8928</load_address>
         <run_address>0x3e8928</run_address>
         <size>0xc</size>
         <input_file_ref idref="fl-3b"/>
      </object_component>
      <object_component id="oc-22c">
         <name>.econst:_OS_Executives</name>
         <load_address>0x3e8934</load_address>
         <run_address>0x3e8934</run_address>
         <size>0x8</size>
         <input_file_ref idref="fl-47"/>
      </object_component>
      <object_component id="oc-231">
         <name>.econst:_$P$T0$1</name>
         <load_address>0x3e893c</load_address>
         <run_address>0x3e893c</run_address>
         <size>0x6</size>
         <input_file_ref idref="fl-52"/>
      </object_component>
      <object_component id="oc-220">
         <name>.econst:_V_Scale</name>
         <load_address>0x3e8942</load_address>
         <run_address>0x3e8942</run_address>
         <size>0x4</size>
         <input_file_ref idref="fl-13"/>
      </object_component>
      <object_component id="oc-7f">
         <name>.econst</name>
         <load_address>0x3e8946</load_address>
         <run_address>0x3e8946</run_address>
         <size>0x2</size>
         <input_file_ref idref="fl-7"/>
      </object_component>
      <object_component id="oc-1cd">
         <name>.econst</name>
         <load_address>0x3e8948</load_address>
         <run_address>0x3e8948</run_address>
         <size>0x2</size>
         <input_file_ref idref="fl-47"/>
      </object_component>
      <object_component id="oc-227">
         <name>.switch:_ReadDataById_v_g</name>
         <load_address>0x3e8a12</load_address>
         <run_address>0x3e8a12</run_address>
         <size>0x20</size>
         <input_file_ref idref="fl-3"/>
      </object_component>
      <object_component id="oc-67">
         <name>.cinit</name>
         <load_address>0x3e894a</load_address>
         <run_address>0x3e894a</run_address>
         <size>0x76</size>
         <input_file_ref idref="fl-3"/>
      </object_component>
      <object_component id="oc-ab">
         <name>.cinit</name>
         <load_address>0x3e89c0</load_address>
         <run_address>0x3e89c0</run_address>
         <size>0x19</size>
         <input_file_ref idref="fl-10"/>
      </object_component>
      <object_component id="oc-72">
         <name>.cinit</name>
         <load_address>0x3e89d9</load_address>
         <run_address>0x3e89d9</run_address>
         <size>0x18</size>
         <input_file_ref idref="fl-5"/>
      </object_component>
      <object_component id="oc-e3">
         <name>.cinit</name>
         <load_address>0x3e89f1</load_address>
         <run_address>0x3e89f1</run_address>
         <size>0xa</size>
         <input_file_ref idref="fl-26"/>
      </object_component>
      <object_component id="oc-c5">
         <name>.cinit</name>
         <load_address>0x3e89fb</load_address>
         <run_address>0x3e89fb</run_address>
         <size>0xa</size>
         <input_file_ref idref="fl-1f"/>
      </object_component>
      <object_component id="oc-1f4">
         <name>.cinit</name>
         <load_address>0x3e8a05</load_address>
         <run_address>0x3e8a05</run_address>
         <size>0x7</size>
         <input_file_ref idref="fl-54"/>
      </object_component>
      <object_component id="oc-1ed">
         <name>.cinit</name>
         <load_address>0x3e8a0c</load_address>
         <run_address>0x3e8a0c</run_address>
         <size>0x4</size>
         <input_file_ref idref="fl-53"/>
      </object_component>
      <object_component id="oc-8a">
         <name>BOOTSECTION</name>
         <load_address>0x3f6000</load_address>
         <run_address>0x3f6000</run_address>
         <size>0x2000</size>
         <input_file_ref idref="fl-9"/>
      </object_component>
      <object_component id="oc-19e">
         <name>.bss_cla</name>
         <uninitialized>true</uninitialized>
         <run_address>0x8d00</run_address>
         <size>0x10</size>
         <input_file_ref idref="fl-41"/>
      </object_component>
      <object_component id="oc-1a1">
         <name>.scratchpad:Cla1Prog:_IO_PWM_DC_Set_CLA</name>
         <uninitialized>true</uninitialized>
         <run_address>0x8d1a</run_address>
         <size>0x2</size>
         <input_file_ref idref="fl-41"/>
      </object_component>
      <object_component id="oc-1a9">
         <name>.scratchpad:Cla1Prog:_Cla1Task2</name>
         <uninitialized>true</uninitialized>
         <run_address>0x8d1a</run_address>
         <size>0x2</size>
         <input_file_ref idref="fl-41"/>
      </object_component>
      <object_component id="oc-1a0">
         <name>Cla1Prog:_IO_PWM_DC_Set_CLA</name>
         <load_address>0x3e8166</load_address>
         <run_address>0x9000</run_address>
         <size>0x1ac</size>
         <input_file_ref idref="fl-41"/>
      </object_component>
      <object_component id="oc-1a8">
         <name>Cla1Prog:_Cla1Task2</name>
         <load_address>0x3e8312</load_address>
         <run_address>0x91ac</run_address>
         <size>0x96</size>
         <input_file_ref idref="fl-41"/>
      </object_component>
      <object_component id="oc-1a5">
         <name>Cla1Prog:_Cla1Task5</name>
         <load_address>0x3e83a8</load_address>
         <run_address>0x9242</run_address>
         <size>0x46</size>
         <input_file_ref idref="fl-41"/>
      </object_component>
      <object_component id="oc-19f">
         <name>Cla1Prog:_Motor_DutyCycle_Set</name>
         <load_address>0x3e83ee</load_address>
         <run_address>0x9288</run_address>
         <size>0x12</size>
         <input_file_ref idref="fl-41"/>
      </object_component>
      <object_component id="oc-1a3">
         <name>Cla1Prog:_Cla1Task7</name>
         <load_address>0x3e8400</load_address>
         <run_address>0x929a</run_address>
         <size>0x10</size>
         <input_file_ref idref="fl-41"/>
      </object_component>
      <object_component id="oc-1aa">
         <name>Cla1Prog:_Cla1Task1</name>
         <load_address>0x3e8410</load_address>
         <run_address>0x92aa</run_address>
         <size>0x8</size>
         <input_file_ref idref="fl-41"/>
      </object_component>
      <object_component id="oc-1a7">
         <name>Cla1Prog:_Cla1Task3</name>
         <load_address>0x3e8418</load_address>
         <run_address>0x92b2</run_address>
         <size>0x8</size>
         <input_file_ref idref="fl-41"/>
      </object_component>
      <object_component id="oc-1a6">
         <name>Cla1Prog:_Cla1Task4</name>
         <load_address>0x3e8420</load_address>
         <run_address>0x92ba</run_address>
         <size>0x8</size>
         <input_file_ref idref="fl-41"/>
      </object_component>
      <object_component id="oc-1a4">
         <name>Cla1Prog:_Cla1Task6</name>
         <load_address>0x3e8428</load_address>
         <run_address>0x92c2</run_address>
         <size>0x8</size>
         <input_file_ref idref="fl-41"/>
      </object_component>
      <object_component id="oc-1a2">
         <name>Cla1Prog:_Cla1Task8</name>
         <load_address>0x3e8430</load_address>
         <run_address>0x92ca</run_address>
         <size>0x8</size>
         <input_file_ref idref="fl-41"/>
      </object_component>
      <object_component id="oc-1b0">
         <name>Cla1ToCpuMsgRAM</name>
         <uninitialized>true</uninitialized>
         <run_address>0x1480</run_address>
         <size>0x3</size>
         <input_file_ref idref="fl-42"/>
      </object_component>
      <object_component id="oc-9f">
         <name>CpuToCla1MsgRAM</name>
         <uninitialized>true</uninitialized>
         <run_address>0x1500</run_address>
         <size>0x6</size>
         <input_file_ref idref="fl-e"/>
      </object_component>
      <object_component id="oc-1b1">
         <name>Cla1DataRam1</name>
         <uninitialized>true</uninitialized>
         <run_address>0x8d10</run_address>
         <size>0xa</size>
         <input_file_ref idref="fl-42"/>
      </object_component>
      <object_component id="oc-179">
         <name>CANBuffer</name>
         <uninitialized>true</uninitialized>
         <run_address>0x8b00</run_address>
         <size>0x88</size>
         <input_file_ref idref="fl-3b"/>
      </object_component>
      <object_component id="oc-1ba">
         <name>CANBuffer</name>
         <uninitialized>true</uninitialized>
         <run_address>0x8b88</run_address>
         <size>0x28</size>
         <input_file_ref idref="fl-44"/>
      </object_component>
      <object_component id="oc-1fc">
         <name>CANBuffer</name>
         <uninitialized>true</uninitialized>
         <run_address>0x8900</run_address>
         <size>0x1f8</size>
         <input_file_ref idref="fl-55"/>
      </object_component>
      <object_component id="oc-187">
         <name>unClearRam</name>
         <uninitialized>true</uninitialized>
         <run_address>0x250</run_address>
         <size>0x8</size>
         <input_file_ref idref="fl-3d"/>
      </object_component>
      <object_component id="oc-69">
         <name>EEPROM</name>
         <uninitialized>true</uninitialized>
         <run_address>0x8700</run_address>
         <size>0x100</size>
         <input_file_ref idref="fl-3"/>
      </object_component>
      <object_component id="oc-180">
         <name>EE_CKSUM</name>
         <uninitialized>true</uninitialized>
         <run_address>0x88ff</run_address>
         <size>0x1</size>
         <input_file_ref idref="fl-3c"/>
      </object_component>
      <object_component id="oc-170">
         <name>SWPN_Section</name>
         <load_address>0x3e8ffc</load_address>
         <run_address>0x3e8ffc</run_address>
         <size>0x3</size>
         <input_file_ref idref="fl-39"/>
      </object_component>
      <object_component id="oc-16f">
         <name>ID_CAL</name>
         <load_address>0x3e8fff</load_address>
         <run_address>0x3e8fff</run_address>
         <size>0x1</size>
         <input_file_ref idref="fl-39"/>
      </object_component>
      <object_component id="oc-51">
         <name>StartofAppROM</name>
         <load_address>0x3e9000</load_address>
         <run_address>0x3e9000</run_address>
         <size>0x0</size>
      </object_component>
      <object_component id="oc-201">
         <name>.text</name>
         <load_address>0x3e9000</load_address>
         <run_address>0x3e9000</run_address>
         <size>0x6e</size>
         <input_file_ref idref="fl-6"/>
      </object_component>
      <object_component id="oc-215">
         <name>.text</name>
         <load_address>0x3e906e</load_address>
         <run_address>0x3e906e</run_address>
         <size>0xeef</size>
         <input_file_ref idref="fl-3"/>
      </object_component>
      <object_component id="oc-226">
         <name>.text</name>
         <load_address>0x3e9f5d</load_address>
         <run_address>0x3e9f5d</run_address>
         <size>0x5d7</size>
         <input_file_ref idref="fl-f"/>
      </object_component>
      <object_component id="oc-20f">
         <name>.text</name>
         <load_address>0x3ea534</load_address>
         <run_address>0x3ea534</run_address>
         <size>0x323</size>
         <input_file_ref idref="fl-2b"/>
      </object_component>
      <object_component id="oc-20b">
         <name>.text</name>
         <load_address>0x3ea857</load_address>
         <run_address>0x3ea857</run_address>
         <size>0x224</size>
         <input_file_ref idref="fl-28"/>
      </object_component>
      <object_component id="oc-230">
         <name>.text</name>
         <load_address>0x3eaa7b</load_address>
         <run_address>0x3eaa7b</run_address>
         <size>0x1d5</size>
         <input_file_ref idref="fl-55"/>
      </object_component>
      <object_component id="oc-212">
         <name>.text</name>
         <load_address>0x3eac50</load_address>
         <run_address>0x3eac50</run_address>
         <size>0x1c2</size>
         <input_file_ref idref="fl-e"/>
      </object_component>
      <object_component id="oc-1b4">
         <name>.text:retain</name>
         <load_address>0x3eae12</load_address>
         <run_address>0x3eae12</run_address>
         <size>0x17c</size>
         <input_file_ref idref="fl-43"/>
      </object_component>
      <object_component id="oc-204">
         <name>.text</name>
         <load_address>0x3eaf8e</load_address>
         <run_address>0x3eaf8e</run_address>
         <size>0x15e</size>
         <input_file_ref idref="fl-3b"/>
      </object_component>
      <object_component id="oc-205">
         <name>.text</name>
         <load_address>0x3eb0ec</load_address>
         <run_address>0x3eb0ec</run_address>
         <size>0x149</size>
         <input_file_ref idref="fl-32"/>
      </object_component>
      <object_component id="oc-22a">
         <name>.text</name>
         <load_address>0x3eb235</load_address>
         <run_address>0x3eb235</run_address>
         <size>0x11c</size>
         <input_file_ref idref="fl-52"/>
      </object_component>
      <object_component id="oc-224">
         <name>.text</name>
         <load_address>0x3eb351</load_address>
         <run_address>0x3eb351</run_address>
         <size>0x100</size>
         <input_file_ref idref="fl-8"/>
      </object_component>
      <object_component id="oc-206">
         <name>.text</name>
         <load_address>0x3eb451</load_address>
         <run_address>0x3eb451</run_address>
         <size>0xf9</size>
         <input_file_ref idref="fl-2d"/>
      </object_component>
      <object_component id="oc-217">
         <name>.text</name>
         <load_address>0x3eb54a</load_address>
         <run_address>0x3eb54a</run_address>
         <size>0xf8</size>
         <input_file_ref idref="fl-5"/>
      </object_component>
      <object_component id="oc-207">
         <name>.text</name>
         <load_address>0x3eb642</load_address>
         <run_address>0x3eb642</run_address>
         <size>0xed</size>
         <input_file_ref idref="fl-2f"/>
      </object_component>
      <object_component id="oc-21e">
         <name>.text</name>
         <load_address>0x3eb72f</load_address>
         <run_address>0x3eb72f</run_address>
         <size>0xe1</size>
         <input_file_ref idref="fl-40"/>
      </object_component>
      <object_component id="oc-20c">
         <name>.text</name>
         <load_address>0x3eb810</load_address>
         <run_address>0x3eb810</run_address>
         <size>0xde</size>
         <input_file_ref idref="fl-2c"/>
      </object_component>
      <object_component id="oc-20d">
         <name>.text</name>
         <load_address>0x3eb8ee</load_address>
         <run_address>0x3eb8ee</run_address>
         <size>0xc1</size>
         <input_file_ref idref="fl-3c"/>
      </object_component>
      <object_component id="oc-22e">
         <name>.text</name>
         <load_address>0x3eb9af</load_address>
         <run_address>0x3eb9af</run_address>
         <size>0xc1</size>
         <input_file_ref idref="fl-3e"/>
      </object_component>
      <object_component id="oc-233">
         <name>.text</name>
         <load_address>0x3eba70</load_address>
         <run_address>0x3eba70</run_address>
         <size>0x9d</size>
         <input_file_ref idref="fl-53"/>
      </object_component>
      <object_component id="oc-1bc">
         <name>.text:retain</name>
         <load_address>0x3ebb0d</load_address>
         <run_address>0x3ebb0d</run_address>
         <size>0x85</size>
         <input_file_ref idref="fl-44"/>
      </object_component>
      <object_component id="oc-c9">
         <name>.text</name>
         <load_address>0x3ebb92</load_address>
         <run_address>0x3ebb92</run_address>
         <size>0x83</size>
         <input_file_ref idref="fl-20"/>
      </object_component>
      <object_component id="oc-20a">
         <name>.text</name>
         <load_address>0x3ebc15</load_address>
         <run_address>0x3ebc15</run_address>
         <size>0x65</size>
         <input_file_ref idref="fl-29"/>
      </object_component>
      <object_component id="oc-20e">
         <name>.text</name>
         <load_address>0x3ebc7a</load_address>
         <run_address>0x3ebc7a</run_address>
         <size>0x64</size>
         <input_file_ref idref="fl-2a"/>
      </object_component>
      <object_component id="oc-232">
         <name>.text</name>
         <load_address>0x3ebcde</load_address>
         <run_address>0x3ebcde</run_address>
         <size>0x63</size>
         <input_file_ref idref="fl-54"/>
      </object_component>
      <object_component id="oc-219">
         <name>.text</name>
         <load_address>0x3ebd41</load_address>
         <run_address>0x3ebd41</run_address>
         <size>0x5e</size>
         <input_file_ref idref="fl-10"/>
      </object_component>
      <object_component id="oc-cd">
         <name>.text</name>
         <load_address>0x3ebd9f</load_address>
         <run_address>0x3ebd9f</run_address>
         <size>0x5a</size>
         <input_file_ref idref="fl-21"/>
      </object_component>
      <object_component id="oc-22b">
         <name>.text</name>
         <load_address>0x3ebdf9</load_address>
         <run_address>0x3ebdf9</run_address>
         <size>0x55</size>
         <input_file_ref idref="fl-45"/>
      </object_component>
      <object_component id="oc-202">
         <name>.text</name>
         <load_address>0x3ebe4e</load_address>
         <run_address>0x3ebe4e</run_address>
         <size>0x54</size>
         <input_file_ref idref="fl-48"/>
      </object_component>
      <object_component id="oc-225">
         <name>.text</name>
         <load_address>0x3ebea2</load_address>
         <run_address>0x3ebea2</run_address>
         <size>0x4a</size>
         <input_file_ref idref="fl-c"/>
      </object_component>
      <object_component id="oc-62">
         <name>.text</name>
         <load_address>0x3ebeec</load_address>
         <run_address>0x3ebeec</run_address>
         <size>0x44</size>
         <input_file_ref idref="fl-1e"/>
      </object_component>
      <object_component id="oc-21f">
         <name>.text</name>
         <load_address>0x3ebf30</load_address>
         <run_address>0x3ebf30</run_address>
         <size>0x32</size>
         <input_file_ref idref="fl-37"/>
      </object_component>
      <object_component id="oc-214">
         <name>.text</name>
         <load_address>0x3ebf62</load_address>
         <run_address>0x3ebf62</run_address>
         <size>0x2f</size>
         <input_file_ref idref="fl-12"/>
      </object_component>
      <object_component id="oc-218">
         <name>.text</name>
         <load_address>0x3ebf91</load_address>
         <run_address>0x3ebf91</run_address>
         <size>0x2f</size>
         <input_file_ref idref="fl-d"/>
      </object_component>
      <object_component id="oc-203">
         <name>.text</name>
         <load_address>0x3ebfc0</load_address>
         <run_address>0x3ebfc0</run_address>
         <size>0x2a</size>
         <input_file_ref idref="fl-11"/>
      </object_component>
      <object_component id="oc-1d9">
         <name>.text</name>
         <load_address>0x3ebfea</load_address>
         <run_address>0x3ebfea</run_address>
         <size>0x29</size>
         <input_file_ref idref="fl-4e"/>
      </object_component>
      <object_component id="oc-208">
         <name>.text</name>
         <load_address>0x3ec013</load_address>
         <run_address>0x3ec013</run_address>
         <size>0x28</size>
         <input_file_ref idref="fl-30"/>
      </object_component>
      <object_component id="oc-211">
         <name>.text</name>
         <load_address>0x3ec03b</load_address>
         <run_address>0x3ec03b</run_address>
         <size>0x26</size>
         <input_file_ref idref="fl-3d"/>
      </object_component>
      <object_component id="oc-d1">
         <name>.text</name>
         <load_address>0x3ec061</load_address>
         <run_address>0x3ec061</run_address>
         <size>0x25</size>
         <input_file_ref idref="fl-22"/>
      </object_component>
      <object_component id="oc-d5">
         <name>.text</name>
         <load_address>0x3ec086</load_address>
         <run_address>0x3ec086</run_address>
         <size>0x1d</size>
         <input_file_ref idref="fl-23"/>
      </object_component>
      <object_component id="oc-e7">
         <name>.text</name>
         <load_address>0x3ec0a3</load_address>
         <run_address>0x3ec0a3</run_address>
         <size>0x1b</size>
         <input_file_ref idref="fl-27"/>
      </object_component>
      <object_component id="oc-209">
         <name>.text</name>
         <load_address>0x3ec0be</load_address>
         <run_address>0x3ec0be</run_address>
         <size>0x1a</size>
         <input_file_ref idref="fl-31"/>
      </object_component>
      <object_component id="oc-222">
         <name>.text</name>
         <load_address>0x3ec0d8</load_address>
         <run_address>0x3ec0d8</run_address>
         <size>0x1a</size>
         <input_file_ref idref="fl-38"/>
      </object_component>
      <object_component id="oc-d9">
         <name>.text</name>
         <load_address>0x3ec0f2</load_address>
         <run_address>0x3ec0f2</run_address>
         <size>0x1a</size>
         <input_file_ref idref="fl-24"/>
      </object_component>
      <object_component id="oc-c3">
         <name>.text</name>
         <load_address>0x3ec10c</load_address>
         <run_address>0x3ec10c</run_address>
         <size>0x19</size>
         <input_file_ref idref="fl-1f"/>
      </object_component>
      <object_component id="oc-22f">
         <name>.text</name>
         <load_address>0x3ec125</load_address>
         <run_address>0x3ec125</run_address>
         <size>0x14</size>
         <input_file_ref idref="fl-3a"/>
      </object_component>
      <object_component id="oc-213">
         <name>.text</name>
         <load_address>0x3ec139</load_address>
         <run_address>0x3ec139</run_address>
         <size>0x13</size>
         <input_file_ref idref="fl-7"/>
      </object_component>
      <object_component id="oc-dd">
         <name>.text</name>
         <load_address>0x3ec14c</load_address>
         <run_address>0x3ec14c</run_address>
         <size>0x10</size>
         <input_file_ref idref="fl-25"/>
      </object_component>
      <object_component id="oc-e1">
         <name>.text</name>
         <load_address>0x3ec15c</load_address>
         <run_address>0x3ec15c</run_address>
         <size>0x9</size>
         <input_file_ref idref="fl-26"/>
      </object_component>
      <object_component id="oc-22d">
         <name>.text</name>
         <load_address>0x3ec165</load_address>
         <run_address>0x3ec165</run_address>
         <size>0x8</size>
         <input_file_ref idref="fl-46"/>
      </object_component>
      <object_component id="oc-210">
         <name>.text</name>
         <load_address>0x3ec16d</load_address>
         <run_address>0x3ec16d</run_address>
         <size>0x7</size>
         <input_file_ref idref="fl-3f"/>
      </object_component>
      <object_component id="oc-228">
         <name>.text</name>
         <load_address>0x3ec174</load_address>
         <run_address>0x3ec174</run_address>
         <size>0x6</size>
         <input_file_ref idref="fl-36"/>
      </object_component>
      <object_component id="oc-234">
         <name>.text</name>
         <load_address>0x3ec17a</load_address>
         <run_address>0x3ec17a</run_address>
         <size>0x6</size>
         <input_file_ref idref="fl-47"/>
      </object_component>
      <object_component id="oc-150">
         <name>.text</name>
         <load_address>0x3ec180</load_address>
         <run_address>0x3ec180</run_address>
         <size>0x4</size>
         <input_file_ref idref="fl-33"/>
      </object_component>
      <object_component id="oc-216">
         <name>.text</name>
         <load_address>0x3ec184</load_address>
         <run_address>0x3ec184</run_address>
         <size>0x3</size>
         <input_file_ref idref="fl-34"/>
      </object_component>
      <object_component id="oc-229">
         <name>.text</name>
         <load_address>0x3ec187</load_address>
         <run_address>0x3ec187</run_address>
         <size>0x3</size>
         <input_file_ref idref="fl-35"/>
      </object_component>
      <object_component id="oc-54">
         <name>EndofAppROM</name>
         <load_address>0x3ec18a</load_address>
         <run_address>0x3ec18a</run_address>
         <size>0x0</size>
      </object_component>
      <object_component id="oc-55">
         <name>SizeofAppROMused</name>
         <load_address>0x3ec18a</load_address>
         <run_address>0x3ec18a</run_address>
         <size>0x0</size>
      </object_component>
      <object_component id="oc-57">
         <name>StartofCalROM</name>
         <load_address>0x3e8000</load_address>
         <run_address>0x300</run_address>
         <size>0x0</size>
      </object_component>
      <object_component id="oc-6f">
         <name>.econst</name>
         <load_address>0x3e8000</load_address>
         <run_address>0x300</run_address>
         <size>0xc</size>
         <input_file_ref idref="fl-4"/>
      </object_component>
      <object_component id="oc-221">
         <name>.econst:.string:_Kf_Motor_DC_Park</name>
         <load_address>0x3e800c</load_address>
         <run_address>0x30c</run_address>
         <size>0x4</size>
         <input_file_ref idref="fl-4"/>
      </object_component>
      <object_component id="oc-223">
         <name>.econst:.string:_Kf_Motor_DC_unPark</name>
         <load_address>0x3e8010</load_address>
         <run_address>0x310</run_address>
         <size>0x4</size>
         <input_file_ref idref="fl-4"/>
      </object_component>
      <object_component id="oc-90">
         <name>.econst</name>
         <load_address>0x3e8014</load_address>
         <run_address>0x314</run_address>
         <size>0x3</size>
         <input_file_ref idref="fl-b"/>
      </object_component>
      <object_component id="oc-5a">
         <name>EndofCalROM</name>
         <load_address>0x3e8017</load_address>
         <run_address>0x317</run_address>
         <size>0x0</size>
      </object_component>
      <object_component id="oc-5b">
         <name>SizeofCalROMused</name>
         <load_address>0x3e8017</load_address>
         <run_address>0x317</run_address>
         <size>0x0</size>
      </object_component>
      <object_component id="oc-bf">
         <name>.reset</name>
         <load_address>0x3fffc0</load_address>
         <run_address>0x3fffc0</run_address>
         <size>0x2</size>
         <input_file_ref idref="fl-1e"/>
      </object_component>
      <object_component id="oc-66">
         <name>.debug_info</name>
         <load_address>0x0</load_address>
         <run_address>0x0</run_address>
         <size>0x5878</size>
         <input_file_ref idref="fl-3"/>
      </object_component>
      <object_component id="oc-6e">
         <name>.debug_info</name>
         <load_address>0x5878</load_address>
         <run_address>0x5878</run_address>
         <size>0x52c</size>
         <input_file_ref idref="fl-4"/>
      </object_component>
      <object_component id="oc-71">
         <name>.debug_info</name>
         <load_address>0x5da4</load_address>
         <run_address>0x5da4</run_address>
         <size>0x169a</size>
         <input_file_ref idref="fl-5"/>
      </object_component>
      <object_component id="oc-78">
         <name>.debug_info</name>
         <load_address>0x743e</load_address>
         <run_address>0x743e</run_address>
         <size>0x1cc4</size>
         <input_file_ref idref="fl-6"/>
      </object_component>
      <object_component id="oc-7d">
         <name>.debug_info</name>
         <load_address>0x9102</load_address>
         <run_address>0x9102</run_address>
         <size>0x73f</size>
         <input_file_ref idref="fl-7"/>
      </object_component>
      <object_component id="oc-84">
         <name>.debug_info</name>
         <load_address>0x9841</load_address>
         <run_address>0x9841</run_address>
         <size>0x916</size>
         <input_file_ref idref="fl-8"/>
      </object_component>
      <object_component id="oc-89">
         <name>.debug_info</name>
         <load_address>0xa157</load_address>
         <run_address>0xa157</run_address>
         <size>0x1db</size>
         <input_file_ref idref="fl-9"/>
      </object_component>
      <object_component id="oc-8c">
         <name>.debug_info</name>
         <load_address>0xa332</load_address>
         <run_address>0xa332</run_address>
         <size>0x1ce</size>
         <input_file_ref idref="fl-a"/>
      </object_component>
      <object_component id="oc-8f">
         <name>.debug_info</name>
         <load_address>0xa500</load_address>
         <run_address>0xa500</run_address>
         <size>0x246</size>
         <input_file_ref idref="fl-b"/>
      </object_component>
      <object_component id="oc-92">
         <name>.debug_info</name>
         <load_address>0xa746</load_address>
         <run_address>0xa746</run_address>
         <size>0x651</size>
         <input_file_ref idref="fl-c"/>
      </object_component>
      <object_component id="oc-97">
         <name>.debug_info</name>
         <load_address>0xad97</load_address>
         <run_address>0xad97</run_address>
         <size>0x550</size>
         <input_file_ref idref="fl-d"/>
      </object_component>
      <object_component id="oc-9d">
         <name>.debug_info</name>
         <load_address>0xb2e7</load_address>
         <run_address>0xb2e7</run_address>
         <size>0x1785</size>
         <input_file_ref idref="fl-e"/>
      </object_component>
      <object_component id="oc-a4">
         <name>.debug_info</name>
         <load_address>0xca6c</load_address>
         <run_address>0xca6c</run_address>
         <size>0x2340</size>
         <input_file_ref idref="fl-f"/>
      </object_component>
      <object_component id="oc-aa">
         <name>.debug_info</name>
         <load_address>0xedac</load_address>
         <run_address>0xedac</run_address>
         <size>0x4a3f</size>
         <input_file_ref idref="fl-10"/>
      </object_component>
      <object_component id="oc-b1">
         <name>.debug_info</name>
         <load_address>0x137eb</load_address>
         <run_address>0x137eb</run_address>
         <size>0x118b</size>
         <input_file_ref idref="fl-11"/>
      </object_component>
      <object_component id="oc-b6">
         <name>.debug_info</name>
         <load_address>0x14976</load_address>
         <run_address>0x14976</run_address>
         <size>0x5e5</size>
         <input_file_ref idref="fl-12"/>
      </object_component>
      <object_component id="oc-bc">
         <name>.debug_info</name>
         <load_address>0x14f5b</load_address>
         <run_address>0x14f5b</run_address>
         <size>0x219</size>
         <input_file_ref idref="fl-13"/>
      </object_component>
      <object_component id="oc-c0">
         <name>.debug_info</name>
         <load_address>0x15174</load_address>
         <run_address>0x15174</run_address>
         <size>0x119</size>
         <input_file_ref idref="fl-1e"/>
      </object_component>
      <object_component id="oc-c4">
         <name>.debug_info</name>
         <load_address>0x1528d</load_address>
         <run_address>0x1528d</run_address>
         <size>0x690</size>
         <input_file_ref idref="fl-1f"/>
      </object_component>
      <object_component id="oc-ca">
         <name>.debug_info</name>
         <load_address>0x1591d</load_address>
         <run_address>0x1591d</run_address>
         <size>0xfb</size>
         <input_file_ref idref="fl-20"/>
      </object_component>
      <object_component id="oc-ce">
         <name>.debug_info</name>
         <load_address>0x15a18</load_address>
         <run_address>0x15a18</run_address>
         <size>0xfb</size>
         <input_file_ref idref="fl-21"/>
      </object_component>
      <object_component id="oc-d2">
         <name>.debug_info</name>
         <load_address>0x15b13</load_address>
         <run_address>0x15b13</run_address>
         <size>0x107</size>
         <input_file_ref idref="fl-22"/>
      </object_component>
      <object_component id="oc-d6">
         <name>.debug_info</name>
         <load_address>0x15c1a</load_address>
         <run_address>0x15c1a</run_address>
         <size>0x107</size>
         <input_file_ref idref="fl-23"/>
      </object_component>
      <object_component id="oc-da">
         <name>.debug_info</name>
         <load_address>0x15d21</load_address>
         <run_address>0x15d21</run_address>
         <size>0x101</size>
         <input_file_ref idref="fl-24"/>
      </object_component>
      <object_component id="oc-de">
         <name>.debug_info</name>
         <load_address>0x15e22</load_address>
         <run_address>0x15e22</run_address>
         <size>0xfb</size>
         <input_file_ref idref="fl-25"/>
      </object_component>
      <object_component id="oc-e2">
         <name>.debug_info</name>
         <load_address>0x15f1d</load_address>
         <run_address>0x15f1d</run_address>
         <size>0x583</size>
         <input_file_ref idref="fl-26"/>
      </object_component>
      <object_component id="oc-e8">
         <name>.debug_info</name>
         <load_address>0x164a0</load_address>
         <run_address>0x164a0</run_address>
         <size>0x535</size>
         <input_file_ref idref="fl-27"/>
      </object_component>
      <object_component id="oc-eb">
         <name>.debug_info</name>
         <load_address>0x169d5</load_address>
         <run_address>0x169d5</run_address>
         <size>0x445b</size>
         <input_file_ref idref="fl-28"/>
      </object_component>
      <object_component id="oc-f0">
         <name>.debug_info</name>
         <load_address>0x1ae30</load_address>
         <run_address>0x1ae30</run_address>
         <size>0xf8f</size>
         <input_file_ref idref="fl-29"/>
      </object_component>
      <object_component id="oc-f5">
         <name>.debug_info</name>
         <load_address>0x1bdbf</load_address>
         <run_address>0x1bdbf</run_address>
         <size>0x9a6</size>
         <input_file_ref idref="fl-2a"/>
      </object_component>
      <object_component id="oc-fb">
         <name>.debug_info</name>
         <load_address>0x1c765</load_address>
         <run_address>0x1c765</run_address>
         <size>0x592f</size>
         <input_file_ref idref="fl-2b"/>
      </object_component>
      <object_component id="oc-100">
         <name>.debug_info</name>
         <load_address>0x22094</load_address>
         <run_address>0x22094</run_address>
         <size>0x3965</size>
         <input_file_ref idref="fl-2c"/>
      </object_component>
      <object_component id="oc-105">
         <name>.debug_info</name>
         <load_address>0x259f9</load_address>
         <run_address>0x259f9</run_address>
         <size>0x1232</size>
         <input_file_ref idref="fl-2d"/>
      </object_component>
      <object_component id="oc-10a">
         <name>.debug_info</name>
         <load_address>0x26c2b</load_address>
         <run_address>0x26c2b</run_address>
         <size>0x13fd7</size>
         <input_file_ref idref="fl-2e"/>
      </object_component>
      <object_component id="oc-13c">
         <name>.debug_info</name>
         <load_address>0x3ac02</load_address>
         <run_address>0x3ac02</run_address>
         <size>0x1544</size>
         <input_file_ref idref="fl-2f"/>
      </object_component>
      <object_component id="oc-141">
         <name>.debug_info</name>
         <load_address>0x3c146</load_address>
         <run_address>0x3c146</run_address>
         <size>0xb35</size>
         <input_file_ref idref="fl-30"/>
      </object_component>
      <object_component id="oc-146">
         <name>.debug_info</name>
         <load_address>0x3cc7b</load_address>
         <run_address>0x3cc7b</run_address>
         <size>0x2254</size>
         <input_file_ref idref="fl-31"/>
      </object_component>
      <object_component id="oc-14b">
         <name>.debug_info</name>
         <load_address>0x3eecf</load_address>
         <run_address>0x3eecf</run_address>
         <size>0x3446</size>
         <input_file_ref idref="fl-32"/>
      </object_component>
      <object_component id="oc-151">
         <name>.debug_info</name>
         <load_address>0x42315</load_address>
         <run_address>0x42315</run_address>
         <size>0x124</size>
         <input_file_ref idref="fl-33"/>
      </object_component>
      <object_component id="oc-155">
         <name>.debug_info</name>
         <load_address>0x42439</load_address>
         <run_address>0x42439</run_address>
         <size>0x35b</size>
         <input_file_ref idref="fl-34"/>
      </object_component>
      <object_component id="oc-15a">
         <name>.debug_info</name>
         <load_address>0x42794</load_address>
         <run_address>0x42794</run_address>
         <size>0x3dc</size>
         <input_file_ref idref="fl-35"/>
      </object_component>
      <object_component id="oc-15f">
         <name>.debug_info</name>
         <load_address>0x42b70</load_address>
         <run_address>0x42b70</run_address>
         <size>0x6a5</size>
         <input_file_ref idref="fl-36"/>
      </object_component>
      <object_component id="oc-164">
         <name>.debug_info</name>
         <load_address>0x43215</load_address>
         <run_address>0x43215</run_address>
         <size>0xd5e</size>
         <input_file_ref idref="fl-37"/>
      </object_component>
      <object_component id="oc-169">
         <name>.debug_info</name>
         <load_address>0x43f73</load_address>
         <run_address>0x43f73</run_address>
         <size>0x5de</size>
         <input_file_ref idref="fl-38"/>
      </object_component>
      <object_component id="oc-16e">
         <name>.debug_info</name>
         <load_address>0x44551</load_address>
         <run_address>0x44551</run_address>
         <size>0x205</size>
         <input_file_ref idref="fl-39"/>
      </object_component>
      <object_component id="oc-172">
         <name>.debug_info</name>
         <load_address>0x44756</load_address>
         <run_address>0x44756</run_address>
         <size>0x430</size>
         <input_file_ref idref="fl-3a"/>
      </object_component>
      <object_component id="oc-177">
         <name>.debug_info</name>
         <load_address>0x44b86</load_address>
         <run_address>0x44b86</run_address>
         <size>0x2202</size>
         <input_file_ref idref="fl-3b"/>
      </object_component>
      <object_component id="oc-17e">
         <name>.debug_info</name>
         <load_address>0x46d88</load_address>
         <run_address>0x46d88</run_address>
         <size>0xbda</size>
         <input_file_ref idref="fl-3c"/>
      </object_component>
      <object_component id="oc-185">
         <name>.debug_info</name>
         <load_address>0x47962</load_address>
         <run_address>0x47962</run_address>
         <size>0x1a3b</size>
         <input_file_ref idref="fl-3d"/>
      </object_component>
      <object_component id="oc-18c">
         <name>.debug_info</name>
         <load_address>0x4939d</load_address>
         <run_address>0x4939d</run_address>
         <size>0x2f15</size>
         <input_file_ref idref="fl-3e"/>
      </object_component>
      <object_component id="oc-192">
         <name>.debug_info</name>
         <load_address>0x4c2b2</load_address>
         <run_address>0x4c2b2</run_address>
         <size>0x3cf</size>
         <input_file_ref idref="fl-3f"/>
      </object_component>
      <object_component id="oc-197">
         <name>.debug_info</name>
         <load_address>0x4c681</load_address>
         <run_address>0x4c681</run_address>
         <size>0x1bb3</size>
         <input_file_ref idref="fl-40"/>
      </object_component>
      <object_component id="oc-19d">
         <name>.debug_info</name>
         <load_address>0x4e234</load_address>
         <run_address>0x4e234</run_address>
         <size>0x3016</size>
         <input_file_ref idref="fl-41"/>
      </object_component>
      <object_component id="oc-1af">
         <name>.debug_info</name>
         <load_address>0x5124a</load_address>
         <run_address>0x5124a</run_address>
         <size>0x220</size>
         <input_file_ref idref="fl-42"/>
      </object_component>
      <object_component id="oc-1b3">
         <name>.debug_info</name>
         <load_address>0x5146a</load_address>
         <run_address>0x5146a</run_address>
         <size>0x32be</size>
         <input_file_ref idref="fl-43"/>
      </object_component>
      <object_component id="oc-1b9">
         <name>.debug_info</name>
         <load_address>0x54728</load_address>
         <run_address>0x54728</run_address>
         <size>0x4bc1</size>
         <input_file_ref idref="fl-44"/>
      </object_component>
      <object_component id="oc-1c1">
         <name>.debug_info</name>
         <load_address>0x592e9</load_address>
         <run_address>0x592e9</run_address>
         <size>0x2207</size>
         <input_file_ref idref="fl-45"/>
      </object_component>
      <object_component id="oc-1c7">
         <name>.debug_info</name>
         <load_address>0x5b4f0</load_address>
         <run_address>0x5b4f0</run_address>
         <size>0x3ce</size>
         <input_file_ref idref="fl-46"/>
      </object_component>
      <object_component id="oc-1cc">
         <name>.debug_info</name>
         <load_address>0x5b8be</load_address>
         <run_address>0x5b8be</run_address>
         <size>0x6cf</size>
         <input_file_ref idref="fl-47"/>
      </object_component>
      <object_component id="oc-1d3">
         <name>.debug_info</name>
         <load_address>0x5bf8d</load_address>
         <run_address>0x5bf8d</run_address>
         <size>0x779</size>
         <input_file_ref idref="fl-48"/>
      </object_component>
      <object_component id="oc-1da">
         <name>.debug_info</name>
         <load_address>0x5c706</load_address>
         <run_address>0x5c706</run_address>
         <size>0x107</size>
         <input_file_ref idref="fl-4e"/>
      </object_component>
      <object_component id="oc-1de">
         <name>.debug_info</name>
         <load_address>0x5c80d</load_address>
         <run_address>0x5c80d</run_address>
         <size>0xab</size>
         <input_file_ref idref="fl-4f"/>
      </object_component>
      <object_component id="oc-1e1">
         <name>.debug_info</name>
         <load_address>0x5c8b8</load_address>
         <run_address>0x5c8b8</run_address>
         <size>0xad</size>
         <input_file_ref idref="fl-50"/>
      </object_component>
      <object_component id="oc-1e4">
         <name>.debug_info</name>
         <load_address>0x5c965</load_address>
         <run_address>0x5c965</run_address>
         <size>0xac</size>
         <input_file_ref idref="fl-51"/>
      </object_component>
      <object_component id="oc-1e6">
         <name>.debug_info</name>
         <load_address>0x5ca11</load_address>
         <run_address>0x5ca11</run_address>
         <size>0x6328</size>
         <input_file_ref idref="fl-52"/>
      </object_component>
      <object_component id="oc-1ec">
         <name>.debug_info</name>
         <load_address>0x62d39</load_address>
         <run_address>0x62d39</run_address>
         <size>0x261e</size>
         <input_file_ref idref="fl-53"/>
      </object_component>
      <object_component id="oc-1f3">
         <name>.debug_info</name>
         <load_address>0x65357</load_address>
         <run_address>0x65357</run_address>
         <size>0x27bc</size>
         <input_file_ref idref="fl-54"/>
      </object_component>
      <object_component id="oc-1fa">
         <name>.debug_info</name>
         <load_address>0x67b13</load_address>
         <run_address>0x67b13</run_address>
         <size>0x335e</size>
         <input_file_ref idref="fl-55"/>
      </object_component>
      <object_component id="oc-292">
         <name>.debug_info</name>
         <load_address>0x6ae71</load_address>
         <run_address>0x6ae71</run_address>
         <size>0x9a</size>
      </object_component>
      <object_component id="oc-6a">
         <name>.debug_frame</name>
         <load_address>0x0</load_address>
         <run_address>0x0</run_address>
         <size>0x457</size>
         <input_file_ref idref="fl-3"/>
      </object_component>
      <object_component id="oc-74">
         <name>.debug_frame</name>
[...]
      </symbol>
      <symbol id="sm-878">
         <name>_ADCINT6_ISR</name>
         <value>0x3eaf70</value>
         <object_component_ref idref="oc-1b4"/>
      </symbol>
      <symbol id="sm-879">
         <name>_HRCAP2_INT_ISR</name>
         <value>0x3eaec6</value>
         <object_component_ref idref="oc-1b4"/>
      </symbol>
      <symbol id="sm-87a">
         <name>_ADCINT8_ISR</name>
         <value>0x3eaf66</value>
         <object_component_ref idref="oc-1b4"/>
      </symbol>
      <symbol id="sm-87b">
         <name>_USER11_ISR</name>
         <value>0x3eae5d</value>
         <object_component_ref idref="oc-1b4"/>
      </symbol>
      <symbol id="sm-87c">
         <name>_EPWM3_TZINT_ISR</name>
         <value>0x3eaefd</value>
         <object_component_ref idref="oc-1b4"/>
      </symbol>
      <symbol id="sm-87d">
         <name>_USER4_ISR</name>
         <value>0x3eae44</value>
         <object_component_ref idref="oc-1b4"/>
      </symbol>
      <symbol id="sm-87e">
         <name>_EPWM2_TZINT_ISR</name>
         <value>0x3eaf07</value>
         <object_component_ref idref="oc-1b4"/>
      </symbol>
      <symbol id="sm-87f">
         <name>_CLA1_INT3_ISR</name>
         <value>0x3eaf52</value>
         <object_component_ref idref="oc-1b4"/>
      </symbol>
      <symbol id="sm-880">
         <name>_EPWM2_INT_ISR</name>
         <value>0x3eaf0c</value>
         <object_component_ref idref="oc-1b4"/>
      </symbol>
      <symbol id="sm-881">
         <name>_TINT0_ISR</name>
         <value>0x3eae67</value>
         <object_component_ref idref="oc-1b4"/>
      </symbol>
      <symbol id="sm-882">
         <name>_WAKEINT_ISR</name>
         <value>0x3eae26</value>
         <object_component_ref idref="oc-1b4"/>
      </symbol>
      <symbol id="sm-883">
         <name>_ADCINT7_ISR</name>
         <value>0x3eaf6b</value>
         <object_component_ref idref="oc-1b4"/>
      </symbol>
      <symbol id="sm-884">
         <name>_ADCINT9_ISR</name>
         <value>0x3eaf61</value>
         <object_component_ref idref="oc-1b4"/>
      </symbol>
      <symbol id="sm-885">
         <name>_USER10_ISR</name>
         <value>0x3eae62</value>
         <object_component_ref idref="oc-1b4"/>
      </symbol>
      <symbol id="sm-886">
         <name>_USER7_ISR</name>
         <value>0x3eae35</value>
         <object_component_ref idref="oc-1b4"/>
      </symbol>
      <symbol id="sm-887">
         <name>_XINT1_ISR</name>
         <value>0x3eae21</value>
         <object_component_ref idref="oc-1b4"/>
      </symbol>
      <symbol id="sm-888">
         <name>_INT14_ISR</name>
         <value>0x3eaead</value>
         <object_component_ref idref="oc-1b4"/>
      </symbol>
      <symbol id="sm-889">
         <name>_EPWM7_INT_ISR</name>
         <value>0x3eaeda</value>
         <object_component_ref idref="oc-1b4"/>
      </symbol>
      <symbol id="sm-88a">
         <name>_USER6_ISR</name>
         <value>0x3eae3a</value>
         <object_component_ref idref="oc-1b4"/>
      </symbol>
      <symbol id="sm-88b">
         <name>_CLA1_INT1_ISR</name>
         <value>0x3eaf5c</value>
         <object_component_ref idref="oc-1b4"/>
      </symbol>
      <symbol id="sm-88c">
         <name>_ADCINT1_ISR</name>
         <value>0x3eaf89</value>
         <object_component_ref idref="oc-1b4"/>
      </symbol>
      <symbol id="sm-88d">
         <name>_LIN0INTA_ISR</name>
         <value>0x3eaea8</value>
         <object_component_ref idref="oc-1b4"/>
      </symbol>
      <symbol id="sm-88e">
         <name>_USER12_ISR</name>
         <value>0x3eae58</value>
         <object_component_ref idref="oc-1b4"/>
      </symbol>
      <symbol id="sm-88f">
         <name>_USER1_ISR</name>
         <value>0x3eae53</value>
         <object_component_ref idref="oc-1b4"/>
      </symbol>
      <symbol id="sm-890">
         <name>_XINT3_ISR</name>
         <value>0x3eae17</value>
         <object_component_ref idref="oc-1b4"/>
      </symbol>
      <symbol id="sm-891">
         <name>_CLA1_INT6_ISR</name>
         <value>0x3eaf43</value>
         <object_component_ref idref="oc-1b4"/>
      </symbol>
      <symbol id="sm-892">
         <name>_EPWM5_INT_ISR</name>
         <value>0x3eaeee</value>
         <object_component_ref idref="oc-1b4"/>
      </symbol>
      <symbol id="sm-893">
         <name>_NMI_ISR</name>
         <value>0x3eae94</value>
         <object_component_ref idref="oc-1b4"/>
      </symbol>
      <symbol id="sm-894">
         <name>_ECAN1INTA_ISR</name>
         <value>0x3eaf2a</value>
         <object_component_ref idref="oc-1b4"/>
      </symbol>
      <symbol id="sm-895">
         <name>_ADCINT2_ISR</name>
         <value>0x3eaf84</value>
         <object_component_ref idref="oc-1b4"/>
      </symbol>
      <symbol id="sm-896">
         <name>_PIE_RESERVED</name>
         <value>0x3eae8f</value>
         <object_component_ref idref="oc-1b4"/>
      </symbol>
      <symbol id="sm-897">
         <name>_I2CINT1A_ISR</name>
         <value>0x3eaec1</value>
         <object_component_ref idref="oc-1b4"/>
      </symbol>
      <symbol id="sm-898">
         <name>_XINT2_ISR</name>
         <value>0x3eae1c</value>
         <object_component_ref idref="oc-1b4"/>
      </symbol>
      <symbol id="sm-899">
         <name>_CLA1_INT7_ISR</name>
         <value>0x3eaf3e</value>
         <object_component_ref idref="oc-1b4"/>
      </symbol>
      <symbol id="sm-89a">
         <name>_I2CINT2A_ISR</name>
         <value>0x3eaebc</value>
         <object_component_ref idref="oc-1b4"/>
      </symbol>
      <symbol id="sm-89b">
         <name>_RTOSINT_ISR</name>
         <value>0x3eae8a</value>
         <object_component_ref idref="oc-1b4"/>
      </symbol>
      <symbol id="sm-89c">
         <name>_EPWM3_INT_ISR</name>
         <value>0x3eaf02</value>
         <object_component_ref idref="oc-1b4"/>
      </symbol>
      <symbol id="sm-89d">
         <name>_ADCINT3_ISR</name>
         <value>0x3eaf7f</value>
         <object_component_ref idref="oc-1b4"/>
      </symbol>
      <symbol id="sm-89e">
         <name>_SPITXINTB_ISR</name>
         <value>0x3eae6c</value>
         <object_component_ref idref="oc-1b4"/>
      </symbol>
      <symbol id="sm-89f">
         <name>_SPIRXINTB_ISR</name>
         <value>0x3eae76</value>
         <object_component_ref idref="oc-1b4"/>
      </symbol>
      <symbol id="sm-8a0">
         <name>_USER9_ISR</name>
         <value>0x3eae2b</value>
         <object_component_ref idref="oc-1b4"/>
      </symbol>
      <symbol id="sm-8a1">
         <name>_USER3_ISR</name>
         <value>0x3eae49</value>
         <object_component_ref idref="oc-1b4"/>
      </symbol>
      <symbol id="sm-8a2">
         <name>_CLA1_INT4_ISR</name>
         <value>0x3eaf4d</value>
         <object_component_ref idref="oc-1b4"/>
      </symbol>
      <symbol id="sm-8a3">
         <name>_EQEP1_INT_ISR</name>
         <value>0x3eaed0</value>
         <object_component_ref idref="oc-1b4"/>
      </symbol>
      <symbol id="sm-8a4">
         <name>_USER8_ISR</name>
         <value>0x3eae30</value>
         <object_component_ref idref="oc-1b4"/>
      </symbol>
      <symbol id="sm-8a5">
         <name>_EPWM1_INT_ISR</name>
         <value>0x3eaf16</value>
         <object_component_ref idref="oc-1b4"/>
      </symbol>
      <symbol id="sm-8a6">
         <name>_USER2_ISR</name>
         <value>0x3eae4e</value>
         <object_component_ref idref="oc-1b4"/>
      </symbol>
      <symbol id="sm-8a7">
         <name>_CLA1_INT5_ISR</name>
         <value>0x3eaf48</value>
         <object_component_ref idref="oc-1b4"/>
      </symbol>
      <symbol id="sm-8a8">
         <name>_LUF_ISR</name>
         <value>0x3eae9e</value>
         <object_component_ref idref="oc-1b4"/>
      </symbol>
      <symbol id="sm-8a9">
         <name>_LVF_ISR</name>
         <value>0x3eae99</value>
         <object_component_ref idref="oc-1b4"/>
      </symbol>
      <symbol id="sm-8aa">
         <name>_SCITXINTA_ISR</name>
         <value>0x3eae80</value>
         <object_component_ref idref="oc-1b4"/>
      </symbol>
      <symbol id="sm-8ab">
         <name>_SCIRXINTA_ISR</name>
         <value>0x3eae85</value>
         <object_component_ref idref="oc-1b4"/>
      </symbol>
      <symbol id="sm-8ac">
         <name>_rsvd_ISR</name>
         <value>0x3eae12</value>
         <object_component_ref idref="oc-1b4"/>
      </symbol>
      <symbol id="sm-8ad">
         <name>_HRCAP1_INT_ISR</name>
         <value>0x3eaecb</value>
         <object_component_ref idref="oc-1b4"/>
      </symbol>
      <symbol id="sm-8c6">
         <name>_CAN_receive_isr</name>
         <value>0x3ebb5e</value>
         <object_component_ref idref="oc-1bc"/>
      </symbol>
      <symbol id="sm-8c7">
         <name>_cpu_timer1_isr</name>
         <value>0x258</value>
         <object_component_ref idref="oc-1bb"/>
      </symbol>
      <symbol id="sm-8c8">
         <name>_cpu_timer0_isr</name>
         <value>0x3ebb0d</value>
         <object_component_ref idref="oc-1bc"/>
      </symbol>
      <symbol id="sm-8c9">
         <name>_CAN_tx_isr</name>
         <value>0x3ebb2b</value>
         <object_component_ref idref="oc-1bc"/>
      </symbol>
      <symbol id="sm-8ca">
         <name>_CAN_Msg_Buffer</name>
         <value>0x8b88</value>
         <object_component_ref idref="oc-1ba"/>
      </symbol>
      <symbol id="sm-8e0">
         <name>_API_Flash_Verify</name>
         <value>0x2a8</value>
         <object_component_ref idref="oc-21d"/>
      </symbol>
      <symbol id="sm-8e1">
         <name>_FlashInit_API</name>
         <value>0x3ebe2a</value>
         <object_component_ref idref="oc-22b"/>
      </symbol>
      <symbol id="sm-8e2">
         <name>_Example_MemCopy</name>
         <value>0x3ebe3d</value>
         <object_component_ref idref="oc-22b"/>
      </symbol>
      <symbol id="sm-8e3">
         <name>_API_Flash_Program</name>
         <value>0x2b1</value>
         <object_component_ref idref="oc-21d"/>
      </symbol>
      <symbol id="sm-8e4">
         <name>_API_Flash_Erase</name>
         <value>0x2b9</value>
         <object_component_ref idref="oc-21d"/>
      </symbol>
      <symbol id="sm-8e5">
         <name>_Example_CsmUnlock</name>
         <value>0x3ebdf9</value>
         <object_component_ref idref="oc-22b"/>
      </symbol>
      <symbol id="sm-8e6">
         <name>_FlashStatus</name>
         <value>0x80a6</value>
         <object_component_ref idref="oc-1c2"/>
      </symbol>
      <symbol id="sm-8e7">
         <name>_MyCallbackFunction</name>
         <value>0x28e</value>
         <object_component_ref idref="oc-21d"/>
      </symbol>
      <symbol id="sm-8f4">
         <name>_IO_Shutdown_Get</name>
         <value>0x3ec165</value>
         <object_component_ref idref="oc-22d"/>
      </symbol>
      <symbol id="sm-907">
         <name>_os_loop_counter</name>
         <value>0x7fd</value>
         <object_component_ref idref="oc-1ce"/>
      </symbol>
      <symbol id="sm-908">
         <name>_OS_EXEC1_SEGS</name>
         <value>0x3e8948</value>
         <object_component_ref idref="oc-1cd"/>
      </symbol>
      <symbol id="sm-909">
         <name>_OS_EXEC2_SEGS</name>
         <value>0x3e8949</value>
         <object_component_ref idref="oc-1cd"/>
      </symbol>
      <symbol id="sm-90a">
         <name>_OS_Executive_Segment</name>
         <value>0x7fe</value>
         <object_component_ref idref="oc-1ce"/>
      </symbol>
      <symbol id="sm-90b">
         <name>_OS_Exec_Callback_1</name>
         <value>0x3ec17d</value>
         <object_component_ref idref="oc-234"/>
      </symbol>
      <symbol id="sm-90c">
         <name>_OS_Exec_Callback_2</name>
         <value>0x3ec17a</value>
         <object_component_ref idref="oc-234"/>
      </symbol>
      <symbol id="sm-90d">
         <name>_OS_Executives</name>
         <value>0x3e8934</value>
         <object_component_ref idref="oc-22c"/>
      </symbol>
      <symbol id="sm-922">
         <name>_Leave_OSThroughputMeasure</name>
         <value>0x3ebe4e</value>
         <object_component_ref idref="oc-202"/>
      </symbol>
      <symbol id="sm-923">
         <name>_Enter_OSThroughputMeasure</name>
         <value>0x3ebe93</value>
         <object_component_ref idref="oc-202"/>
      </symbol>
      <symbol id="sm-924">
         <name>_Init_InitThroughputData</name>
         <value>0x3ebe8c</value>
         <object_component_ref idref="oc-202"/>
      </symbol>
      <symbol id="sm-925">
         <name>_VaOSTK_ThruPutData</name>
         <value>0x8042</value>
         <object_component_ref idref="oc-1d4"/>
      </symbol>
      <symbol id="sm-92d">
         <name>FS$$TOL</name>
         <value>0x3ebfea</value>
         <object_component_ref idref="oc-1d9"/>
      </symbol>
      <symbol id="sm-935">
         <name>_Flash2803x_Erase</name>
         <value>0x3ff9b3</value>
      </symbol>
      <symbol id="sm-93d">
         <name>_Flash2803x_Program</name>
         <value>0x3ff8d2</value>
      </symbol>
      <symbol id="sm-945">
         <name>_Flash2803x_Verify</name>
         <value>0x3ffdd5</value>
      </symbol>
      <symbol id="sm-970">
         <name>_Input_From_Com</name>
         <value>0x3eb238</value>
         <object_component_ref idref="oc-22a"/>
      </symbol>
      <symbol id="sm-971">
         <name>_Check_If_Time_To_Transmit_DAQ_Lists</name>
         <value>0x3eb245</value>
         <object_component_ref idref="oc-22a"/>
      </symbol>
      <symbol id="sm-972">
         <name>_Received_CRO</name>
         <value>0x8030</value>
         <object_component_ref idref="oc-1e7"/>
      </symbol>
      <symbol id="sm-973">
         <name>_fake_CAN_command</name>
         <value>0x802a</value>
         <object_component_ref idref="oc-1e7"/>
      </symbol>
      <symbol id="sm-974">
         <name>_Instrumentation_Update</name>
         <value>0x3eb264</value>
         <object_component_ref idref="oc-22a"/>
      </symbol>
      <symbol id="sm-975">
         <name>_inst_resetkeyon</name>
         <value>0x3eb235</value>
         <object_component_ref idref="oc-22a"/>
      </symbol>
      <symbol id="sm-991">
         <name>_Move_MTA</name>
         <value>0x3eba8a</value>
         <object_component_ref idref="oc-233"/>
      </symbol>
      <symbol id="sm-992">
         <name>_MTA_ptr</name>
         <value>0x67a</value>
         <object_component_ref idref="oc-1ee"/>
      </symbol>
      <symbol id="sm-993">
         <name>_Download_Data</name>
         <value>0x3ebad7</value>
         <object_component_ref idref="oc-233"/>
      </symbol>
      <symbol id="sm-994">
         <name>_MTA_Working_Page</name>
         <value>0x678</value>
         <object_component_ref idref="oc-1ee"/>
      </symbol>
      <symbol id="sm-995">
         <name>_Set_MTA</name>
         <value>0x3ebab5</value>
         <object_component_ref idref="oc-233"/>
      </symbol>
      <symbol id="sm-996">
         <name>_Dnload</name>
         <value>0x3ebb07</value>
         <object_component_ref idref="oc-233"/>
      </symbol>
      <symbol id="sm-997">
         <name>_Location_Of_Address</name>
         <value>0x3eba70</value>
         <object_component_ref idref="oc-233"/>
      </symbol>
      <symbol id="sm-998">
         <name>_Select_Cal_Page</name>
         <value>0x3ebac3</value>
         <object_component_ref idref="oc-233"/>
      </symbol>
      <symbol id="sm-9ad">
         <name>_Set_S_Status</name>
         <value>0x3ebce6</value>
         <object_component_ref idref="oc-232"/>
      </symbol>
      <symbol id="sm-9ae">
         <name>_command_counter_disconnect_request</name>
         <value>0x7f8</value>
         <object_component_ref idref="oc-1f5"/>
      </symbol>
      <symbol id="sm-9af">
         <name>_Exit_Instrumentation_Mode</name>
         <value>0x3ebd00</value>
         <object_component_ref idref="oc-232"/>
      </symbol>
      <symbol id="sm-9b0">
         <name>_Disconnect</name>
         <value>0x3ebd13</value>
         <object_component_ref idref="oc-232"/>
      </symbol>
      <symbol id="sm-9b1">
         <name>_instrumentation_status</name>
         <value>0x7f9</value>
         <object_component_ref idref="oc-1f5"/>
      </symbol>
      <symbol id="sm-9b2">
         <name>_Get_S_Status</name>
         <value>0x3ebcee</value>
         <object_component_ref idref="oc-232"/>
      </symbol>
      <symbol id="sm-9b3">
         <name>_Build_Chksum</name>
         <value>0x3ebd21</value>
         <object_component_ref idref="oc-232"/>
      </symbol>
      <symbol id="sm-9b4">
         <name>_Unlock</name>
         <value>0x3ebcde</value>
         <object_component_ref idref="oc-232"/>
      </symbol>
      <symbol id="sm-9b5">
         <name>_Connect</name>
         <value>0x3ebd19</value>
         <object_component_ref idref="oc-232"/>
      </symbol>
      <symbol id="sm-9b6">
         <name>_Exchange_ID</name>
         <value>0x3ebd10</value>
         <object_component_ref idref="oc-232"/>
      </symbol>
      <symbol id="sm-9eb">
         <name>_Get_CCP_Version</name>
         <value>0x3eac3c</value>
         <object_component_ref idref="oc-230"/>
      </symbol>
      <symbol id="sm-9ec">
         <name>_Write_DAQ</name>
         <value>0x3eab0d</value>
         <object_component_ref idref="oc-230"/>
      </symbol>
      <symbol id="sm-9ed">
         <name>_Initialize_DAQ_Parameters</name>
         <value>0x3eabd4</value>
         <object_component_ref idref="oc-230"/>
      </symbol>
      <symbol id="sm-9ee">
         <name>_DAQ_list_ptr</name>
         <value>0x8082</value>
         <object_component_ref idref="oc-1fb"/>
      </symbol>
      <symbol id="sm-9ef">
         <name>_DAQ_list_array</name>
         <value>0x8900</value>
         <object_component_ref idref="oc-1fc"/>
      </symbol>
      <symbol id="sm-9f0">
         <name>_Reset_DAQ_List_Status</name>
         <value>0x3eab7a</value>
         <object_component_ref idref="oc-230"/>
      </symbol>
      <symbol id="sm-9f1">
         <name>_Transmit_DAQ_List</name>
         <value>0x3eab22</value>
         <object_component_ref idref="oc-230"/>
      </symbol>
      <symbol id="sm-9f2">
         <name>_Start_Stop</name>
         <value>0x3eab85</value>
         <object_component_ref idref="oc-230"/>
      </symbol>
      <symbol id="sm-9f3">
         <name>_Update_DAQ_Transmit_Counter</name>
         <value>0x3eab20</value>
         <object_component_ref idref="oc-230"/>
      </symbol>
      <symbol id="sm-9f4">
         <name>_Write_To_DAQ_Pointer</name>
         <value>0x3eaaed</value>
         <object_component_ref idref="oc-230"/>
      </symbol>
      <symbol id="sm-9f5">
         <name>_Move_DAQ_Pointer_To_Next_ODT</name>
         <value>0x3eaac0</value>
         <object_component_ref idref="oc-230"/>
      </symbol>
      <symbol id="sm-9f6">
         <name>_Get_DAQ_Size</name>
         <value>0x3eac0a</value>
         <object_component_ref idref="oc-230"/>
      </symbol>
      <symbol id="sm-9f7">
         <name>_DAQ_List_Status</name>
         <value>0x808c</value>
         <object_component_ref idref="oc-1fb"/>
      </symbol>
      <symbol id="sm-9f8">
         <name>_Get_Next_Available_DAQ_Number</name>
         <value>0x3eabe7</value>
         <object_component_ref idref="oc-230"/>
      </symbol>
      <symbol id="sm-9f9">
         <name>_Set_DAQ_Ptr</name>
         <value>0x3eabc0</value>
         <object_component_ref idref="oc-230"/>
      </symbol>
      <symbol id="sm-9fa">
         <name>_Clear_DAQ_List</name>
         <value>0x3eabf5</value>
         <object_component_ref idref="oc-230"/>
      </symbol>
      <symbol id="sm-9fb">
         <name>_current_DAQ_ptr_location</name>
         <value>0x8084</value>
         <object_component_ref idref="oc-1fb"/>
      </symbol>
   </symbol_table>
   <title>Link successful</title>
</link_info>
